
> iim-nagpur-food-outlet@0.1.0 build
> prisma generate && next build

Environment variables loaded from .env
Prisma schema loaded from prisma\schema.prisma

Γ£ö Generated Prisma Client (v5.22.0) to .\node_modules\@prisma\client in 226ms

Start by importing your Prisma Client (See: https://pris.ly/d/importing-client)

Tip: Interested in query caching in just a few lines of code? Try Accelerate today! https://pris.ly/tip-3-accelerate

   Γû▓ Next.js 14.1.0
   - Environments: .env.local, .env

   Creating an optimized production build ...
> [PWA] Compile server
> [PWA] Compile server
> [PWA] Compile client (static)
> [PWA] Auto register service worker with: C:\Users\yasho\OneDrive\Desktop\Cafe South Central\Web App v1\node_modules\next-pwa\register.js
> [PWA] Service worker: C:\Users\yasho\OneDrive\Desktop\Cafe South Central\Web App v1\public\firebase-messaging-sw.js
> [PWA]   url: /firebase-messaging-sw.js
> [PWA]   scope: /
node.exe :  ΓÜá Failed to minify the 
stylesheet for https://fonts.googleapis.c
om/css2?family=Material+Symbols+Outlined:
wght@100..700,0..1&display=swap. Skipped 
optimizing this font.
At line:1 char:1
+ & "C:\Program Files\nodejs/node.exe" 
"C:\Users\yasho\AppData\Roaming\ ...
+ ~~~~~~~~~~~~~~~~~~~~~~~~~~~~~~~~~~~~~~~
~~~~~~~~~~~~~~~~~~~~~~~~~~~~~~
    + CategoryInfo          : NotSpecifi 
   ed: ( ΓÜá Failed to ...zing this fon  
  t.:String) [], RemoteException
    + FullyQualifiedErrorId : NativeComm 
   andError
 
CssSyntaxError: <css input>:1:114: 
Missed semicolon
    at Input.error 
(C:\Users\yasho\OneDrive\Desktop\Cafe 
South Central\Web App v1\node_modules\nex
t\node_modules\postcss\lib\input.js:106:1
6)
    at Parser.checkMissedSemicolon 
(C:\Users\yasho\OneDrive\Desktop\Cafe 
South Central\Web App v1\node_modules\nex
t\node_modules\postcss\lib\parser.js:139:
22)
    at Parser.decl 
(C:\Users\yasho\OneDrive\Desktop\Cafe 
South Central\Web App v1\node_modules\nex
t\node_modules\postcss\lib\parser.js:297:
12)
    at Parser.other 
(C:\Users\yasho\OneDrive\Desktop\Cafe 
South Central\Web App v1\node_modules\nex
t\node_modules\postcss\lib\parser.js:434:
12)
    at Parser.parse 
(C:\Users\yasho\OneDrive\Desktop\Cafe 
South Central\Web App v1\node_modules\nex
t\node_modules\postcss\lib\parser.js:471:
16)
    at parse 
(C:\Users\yasho\OneDrive\Desktop\Cafe 
South Central\Web App v1\node_modules\nex
t\node_modules\postcss\lib\parse.js:11:12
)
    at new LazyResult 
(C:\Users\yasho\OneDrive\Desktop\Cafe 
South Central\Web App v1\node_modules\nex
t\node_modules\postcss\lib\lazy-result.js
:133:16)
    at Processor.process 
(C:\Users\yasho\OneDrive\Desktop\Cafe 
South Central\Web App v1\node_modules\nex
t\node_modules\postcss\lib\processor.js:5
3:14)
    at minifyCss 
(C:\Users\yasho\OneDrive\Desktop\Cafe 
South Central\Web App v1\node_modules\nex
t\dist\build\webpack\plugins\font-stylesh
eet-gathering-plugin.js:70:8)
    at 
C:\Users\yasho\OneDrive\Desktop\Cafe 
South Central\Web App v1\node_modules\nex
t\dist\build\webpack\plugins\font-stylesh
eet-gathering-plugin.js:194:51 {
  reason: 'Missed semicolon',
  source: `<!DOCTYPE html><html 
lang=en><head><script>window['ppConfig'] 
= {productName: 
'bcfae741e379a885f2ab2cf83ebe6d32', 
deleteIsEnforced:  false , 
sealIsEnforced:  false , heartbeatRate:  
0.5 , periodicReportingRateMillis:  
60000.0 , disableAllReporting:  false 
};(function(){'use strict';function 
k(a){var b=0;return function(){return b<a
.length?{done:!1,value:a[b++]}:{done:!0}}
}function l(a){var b=typeof Symbol!="unde
fined"&&Symbol.iterator&&a[Symbol.iterato
r];if(b)return b.call(a);if(typeof a.leng
th=="number")return{next:k(a)};throw 
Error(String(a)+" is not an iterable or 
ArrayLike");}var m=typeof Object.definePr
operties=="function"?Object.definePropert
y:function(a,b,c){if(a==Array.prototype||
a==Object.prototype)return 
a;a[b]=c.value;return a};\n` +
    'function n(a){a=["object"==typeof gl
obalThis&&globalThis,a,"object"==typeof 
window&&window,"object"==typeof 
self&&self,"object"==typeof 
global&&global];for(var 
b=0;b<a.length;++b){var 
c=a[b];if(c&&c.Math==Math)return c}throw 
Error("Cannot find global object");}var 
p=n(this);function q(a,b){if(b)a:{var 
c=p;a=a.split(".");for(var 
d=0;d<a.length-1;d++){var e=a[d];if(!(e 
in c))break a;c=c[e]}a=a[a.length-1];d=c[
a];b=b(d);b!=d&&b!=null&&m(c,a,{configura
ble:!0,writable:!0,value:b})}}\n' +
    'q("Object.is",function(a){return 
a?a:function(b,c){return b===c?b!==0||1/b
===1/c:b!==b&&c!==c}});q("Array.prototype
.includes",function(a){return 
a?a:function(b,c){var d=this;d 
instanceof String&&(d=String(d));var e=d.
length;c=c||0;for(c<0&&(c=Math.max(c+e,0)
);c<e;c++){var f=d[c];if(f===b||Object.is
(f,b))return!0}return!1}});\n' +
    `q("String.prototype.includes",functi
on(a){return 
a?a:function(b,c){if(this==null)throw 
new TypeError("The 'this' value for 
String.prototype.includes must not be 
null or undefined");if(b instanceof 
RegExp)throw new TypeError("First 
argument to String.prototype.includes 
must not be a regular 
expression");return 
this.indexOf(b,c||0)!==-1}});function r(a
,b,c){a("https://csp.withgoogle.com/csp/p
roto/"+encodeURIComponent(b),JSON.stringi
fy(c))}function t(){var a;if((a=window.pp
Config)==null?0:a.disableAllReporting)ret
urn function(){};var 
b,c,d,e;return(e=(b=window)==null?void 
0:(c=b.navigator)==null?void 
0:(d=c.sendBeacon)==null?void 
0:d.bind(navigator))!=null?e:u}function 
u(a,b){var c=new XMLHttpRequest;c.open("P
OST",a);c.send(b)}\n` +
    'function v(){var 
a=(w=Object.prototype)==null?void 0:w.__l
ookupGetter__("__proto__"),b=x,c=y;return
 function(){var d=a.call(this),e,f,g,h;r(
c,b,{type:"ACCESS_GET",origin:(f=window.l
ocation.origin)!=null?f:"unknown",report:
{className:(g=d==null?void 
0:(e=d.constructor)==null?void 0:e.name)!
=null?g:"unknown",stackTrace:(h=Error().s
tack)!=null?h:"unknown"}});return d}}\n' 
+
    'function z(){var 
a=(A=Object.prototype)==null?void 0:A.__l
ookupSetter__("__proto__"),b=x,c=y;return
 function(d){d=a.call(this,d);var e,f,g,h
;r(c,b,{type:"ACCESS_SET",origin:(f=windo
w.location.origin)!=null?f:"unknown",repo
rt:{className:(g=d==null?void 
0:(e=d.constructor)==null?void 0:e.name)!
=null?g:"unknown",stackTrace:(h=Error().s
tack)!=null?h:"unknown"}});return 
d}}function B(a,b){C(a.productName,b);set
Interval(function(){C(a.productName,b)},a
.periodicReportingRateMillis)}\n' +
    'var D="constructor __defineGetter__ 
__defineSetter__ hasOwnProperty 
__lookupGetter__ __lookupSetter__ 
isPrototypeOf propertyIsEnumerable 
toString valueOf __proto__ 
toLocaleString x_ngfn_x".split(" "),E=D.c
oncat,F=navigator.userAgent.match(/Firefo
x\\/([0-9]+)\\./),G=(!F||F.length<2?0:Num
ber(F[1])<75)?["toSource"]:[],H;if(G 
instanceof Array)H=G;else{for(var I=l(G),
J,K=[];!(J=I.next()).done;)K.push(J.value
);H=K}var L=E.call(D,H),M=[];\n' +
    'function C(a,b){for(var c=[],d=l(Obj
ect.getOwnPropertyNames(Object.prototype)
),e=d.next();!e.done;e=d.next())e=e.value
,L.includes(e)||M.includes(e)||c.push(e);
e=Object.prototype;d=[];for(var 
f=0;f<c.length;f++){var g=c[f];d[f]={name
:g,descriptor:Object.getOwnPropertyDescri
ptor(Object.prototype,g),type:typeof e[g]
}}if(d.length!==0){c=l(d);for(e=c.next();
!e.done;e=c.next())M.push(e.value.name);v
ar h;r(b,a,{type:"SEAL",origin:(h=window.
location.origin)!=null?h:"unknown",report
:{blockers:d}})}};var N=Math.random(),O=t
(),P=window.ppConfig;P&&(P.disableAllRepo
rting||P.deleteIsEnforced&&P.sealIsEnforc
ed||N<P.heartbeatRate&&r(O,P.productName,
{origin:window.location.origin,type:"HEAR
TBEAT"}));var y=t(),Q=window.ppConfig;if(
Q)if(Q.deleteIsEnforced)delete 
Object.prototype.__proto__;else 
if(!Q.disableAllReporting){var 
x=Q.productName;try{var w,A;Object.define
Property(Object.prototype,"__proto__",{en
umerable:!1,get:v(),set:z()})}catch(a){}}
\n' +
    '(function(){var a=t(),b=window.ppCon
fig;b&&(b.sealIsEnforced?Object.seal(Obje
ct.prototype):b.disableAllReporting||(doc
ument.readyState!=="loading"?B(b,a):docum
ent.addEventListener("DOMContentLoaded",f
unction(){B(b,a)})))})();}).call(this);\n
' +
    '</script><meta 
charset=utf-8><title>400: Invalid 
selector</title><link href="//fonts.googl
eapis.com/css?family=Open+Sans:300,400" 
rel="stylesheet" 
type="text/css"/><style>\n' +
    '      * {\n' +
    '        margin: 0;\n' +
    '        padding: 0;\n' +
    '      }\n' +
    '      html,code {\n' +
    '        font: 15px/22px 
arial,sans-serif;\n' +
    '      }\n' +
    '      html {\n' +
    '        background: #fff;\n' +
    '        color: #222;\n' +
    '        padding: 15px;\n' +
    '      }\n' +
    '      body {\n' +
    '        background: 100% 5px 
no-repeat;\n' +
    '        margin-top: 0;\n' +
    '        max-width: none:\n' +
    '        min-height: 180px;\n' +
    '        padding: 30px 0 15px;\n' +
    '      }\n' +
    '      * > body {\n' +
    '        padding-right: 205px;\n' +
    '      }\n' +
    '      p {\n' +
    '        margin: 22px 0 0;\n' +
    '        overflow: hidden;\n' +
    '      }\n' +
    '      ins {\n' +
    '        text-decoration: none;\n' +
    '      }\n' +
    '      ins {\n' +
    '        color: #777;\n' +
    '      }\n' +
    '      /* Google Fonts logo 
styling*/\n' +
    '      .projectLogo a {\n' +
    '        font-family: "Open Sans", 
arial, sans-serif;\n' +
    '        font-size: 32px;\n' +
    '        font-weight: 300;\n' +
    '        color: #63666a;\n' +
    '        line-height: 1.375;\n' +
    '        text-decoration: none;\n' +
    '      }\n' +
    '      .projectLogo img {\n' +
    '        margin: -1px 0 -4px;\n' +
    '        vertical-align: middle;\n' +
    '      }\n' +
    '    </style></head><body><h1 id="g" 
class="projectLogo"><a 
href="//www.google.com/fonts"><img src="/
/www.google.com/images/logos/google_logo_
41.png" alt="Google"/> Fonts</a></h1><p><
b>400:</b>&nbsp;<ins>Invalid 
selector</ins></p><p>Too many values in 
tuple</p><pre>Material Symbols 
Outlined:wght@100..700,0..1\n' +
    `                                    
    ^</pre><p><ins>For reference, see 
the <a href="https://developers.google.co
m/fonts/docs/getting_started">Google 
Fonts API documentation</a>.</ins></p></b
ody></html><!DOCTYPE html><html 
lang=en><head><script>window['ppConfig'] 
= {productName: 
'bcfae741e379a885f2ab2cf83ebe6d32', 
deleteIsEnforced:  false , 
sealIsEnforced:  false , heartbeatRate:  
0.5 , periodicReportingRateMillis:  
60000.0 , disableAllReporting:  false 
};(function(){'use strict';function 
k(a){var b=0;return function(){return b<a
.length?{done:!1,value:a[b++]}:{done:!0}}
}function l(a){var b=typeof Symbol!="unde
fined"&&Symbol.iterator&&a[Symbol.iterato
r];if(b)return b.call(a);if(typeof a.leng
th=="number")return{next:k(a)};throw 
Error(String(a)+" is not an iterable or 
ArrayLike");}var m=typeof Object.definePr
operties=="function"?Object.definePropert
y:function(a,b,c){if(a==Array.prototype||
a==Object.prototype)return 
a;a[b]=c.value;return a};\n` +
    'function n(a){a=["object"==typeof gl
obalThis&&globalThis,a,"object"==typeof 
window&&window,"object"==typeof 
self&&self,"object"==typeof 
global&&global];for(var 
b=0;b<a.length;++b){var 
c=a[b];if(c&&c.Math==Math)return c}throw 
Error("Cannot find global object");}var 
p=n(this);function q(a,b){if(b)a:{var 
c=p;a=a.split(".");for(var 
d=0;d<a.length-1;d++){var e=a[d];if(!(e 
in c))break a;c=c[e]}a=a[a.length-1];d=c[
a];b=b(d);b!=d&&b!=null&&m(c,a,{configura
ble:!0,writable:!0,value:b})}}\n' +
    'q("Object.is",function(a){return 
a?a:function(b,c){return b===c?b!==0||1/b
===1/c:b!==b&&c!==c}});q("Array.prototype
.includes",function(a){return 
a?a:function(b,c){var d=this;d 
instanceof String&&(d=String(d));var e=d.
length;c=c||0;for(c<0&&(c=Math.max(c+e,0)
);c<e;c++){var f=d[c];if(f===b||Object.is
(f,b))return!0}return!1}});\n' +
    `q("String.prototype.includes",functi
on(a){return 
a?a:function(b,c){if(this==null)throw 
new TypeError("The 'this' value for 
String.prototype.includes must not be 
null or undefined");if(b instanceof 
RegExp)throw new TypeError("First 
argument to String.prototype.includes 
must not be a regular 
expression");return 
this.indexOf(b,c||0)!==-1}});function r(a
,b,c){a("https://csp.withgoogle.com/csp/p
roto/"+encodeURIComponent(b),JSON.stringi
fy(c))}function t(){var a;if((a=window.pp
Config)==null?0:a.disableAllReporting)ret
urn function(){};var 
b,c,d,e;return(e=(b=window)==null?void 
0:(c=b.navigator)==null?void 
0:(d=c.sendBeacon)==null?void 
0:d.bind(navigator))!=null?e:u}function 
u(a,b){var c=new XMLHttpRequest;c.open("P
OST",a);c.send(b)}\n` +
    'function v(){var 
a=(w=Object.prototype)==null?void 0:w.__l
ookupGetter__("__proto__"),b=x,c=y;return
 function(){var d=a.call(this),e,f,g,h;r(
c,b,{type:"ACCESS_GET",origin:(f=window.l
ocation.origin)!=null?f:"unknown",report:
{className:(g=d==null?void 
0:(e=d.constructor)==null?void 0:e.name)!
=null?g:"unknown",stackTrace:(h=Error().s
tack)!=null?h:"unknown"}});return d}}\n' 
+
    'function z(){var 
a=(A=Object.prototype)==null?void 0:A.__l
ookupSetter__("__proto__"),b=x,c=y;return
 function(d){d=a.call(this,d);var e,f,g,h
;r(c,b,{type:"ACCESS_SET",origin:(f=windo
w.location.origin)!=null?f:"unknown",repo
rt:{className:(g=d==null?void 
0:(e=d.constructor)==null?void 0:e.name)!
=null?g:"unknown",stackTrace:(h=Error().s
tack)!=null?h:"unknown"}});return 
d}}function B(a,b){C(a.productName,b);set
Interval(function(){C(a.productName,b)},a
.periodicReportingRateMillis)}\n' +
    'var D="constructor __defineGetter__ 
__defineSetter__ hasOwnProperty 
__lookupGetter__ __lookupSetter__ 
isPrototypeOf propertyIsEnumerable 
toString valueOf __proto__ 
toLocaleString x_ngfn_x".split(" "),E=D.c
oncat,F=navigator.userAgent.match(/Firefo
x\\/([0-9]+)\\./),G=(!F||F.length<2?0:Num
ber(F[1])<75)?["toSource"]:[],H;if(G 
instanceof Array)H=G;else{for(var I=l(G),
J,K=[];!(J=I.next()).done;)K.push(J.value
);H=K}var L=E.call(D,H),M=[];\n' +
    'function C(a,b){for(var c='... 2790 
more characters,
  line: 1,
  column: 114,
  input: {
    column: 114,
    endColumn: undefined,
    endLine: undefined,
    line: 1,
    source: `<!DOCTYPE html><html 
lang=en><head><script>window['ppConfig'] 
= {productName: 
'bcfae741e379a885f2ab2cf83ebe6d32', 
deleteIsEnforced:  false , 
sealIsEnforced:  false , heartbeatRate:  
0.5 , periodicReportingRateMillis:  
60000.0 , disableAllReporting:  false 
};(function(){'use strict';function 
k(a){var b=0;return function(){return b<a
.length?{done:!1,value:a[b++]}:{done:!0}}
}function l(a){var b=typeof Symbol!="unde
fined"&&Symbol.iterator&&a[Symbol.iterato
r];if(b)return b.call(a);if(typeof a.leng
th=="number")return{next:k(a)};throw 
Error(String(a)+" is not an iterable or 
ArrayLike");}var m=typeof Object.definePr
operties=="function"?Object.definePropert
y:function(a,b,c){if(a==Array.prototype||
a==Object.prototype)return 
a;a[b]=c.value;return a};\n` +
      'function n(a){a=["object"==typeof 
globalThis&&globalThis,a,"object"==typeof
 window&&window,"object"==typeof 
self&&self,"object"==typeof 
global&&global];for(var 
b=0;b<a.length;++b){var 
c=a[b];if(c&&c.Math==Math)return c}throw 
Error("Cannot find global object");}var 
p=n(this);function q(a,b){if(b)a:{var 
c=p;a=a.split(".");for(var 
d=0;d<a.length-1;d++){var e=a[d];if(!(e 
in c))break a;c=c[e]}a=a[a.length-1];d=c[
a];b=b(d);b!=d&&b!=null&&m(c,a,{configura
ble:!0,writable:!0,value:b})}}\n' +
      'q("Object.is",function(a){return 
a?a:function(b,c){return b===c?b!==0||1/b
===1/c:b!==b&&c!==c}});q("Array.prototype
.includes",function(a){return 
a?a:function(b,c){var d=this;d 
instanceof String&&(d=String(d));var e=d.
length;c=c||0;for(c<0&&(c=Math.max(c+e,0)
);c<e;c++){var f=d[c];if(f===b||Object.is
(f,b))return!0}return!1}});\n' +
      `q("String.prototype.includes",func
tion(a){return 
a?a:function(b,c){if(this==null)throw 
new TypeError("The 'this' value for 
String.prototype.includes must not be 
null or undefined");if(b instanceof 
RegExp)throw new TypeError("First 
argument to String.prototype.includes 
must not be a regular 
expression");return 
this.indexOf(b,c||0)!==-1}});function r(a
,b,c){a("https://csp.withgoogle.com/csp/p
roto/"+encodeURIComponent(b),JSON.stringi
fy(c))}function t(){var a;if((a=window.pp
Config)==null?0:a.disableAllReporting)ret
urn function(){};var 
b,c,d,e;return(e=(b=window)==null?void 
0:(c=b.navigator)==null?void 
0:(d=c.sendBeacon)==null?void 
0:d.bind(navigator))!=null?e:u}function 
u(a,b){var c=new XMLHttpRequest;c.open("P
OST",a);c.send(b)}\n` +
      'function v(){var 
a=(w=Object.prototype)==null?void 0:w.__l
ookupGetter__("__proto__"),b=x,c=y;return
 function(){var d=a.call(this),e,f,g,h;r(
c,b,{type:"ACCESS_GET",origin:(f=window.l
ocation.origin)!=null?f:"unknown",report:
{className:(g=d==null?void 
0:(e=d.constructor)==null?void 0:e.name)!
=null?g:"unknown",stackTrace:(h=Error().s
tack)!=null?h:"unknown"}});return d}}\n' 
+
      'function z(){var 
a=(A=Object.prototype)==null?void 0:A.__l
ookupSetter__("__proto__"),b=x,c=y;return
 function(d){d=a.call(this,d);var e,f,g,h
;r(c,b,{type:"ACCESS_SET",origin:(f=windo
w.location.origin)!=null?f:"unknown",repo
rt:{className:(g=d==null?void 
0:(e=d.constructor)==null?void 0:e.name)!
=null?g:"unknown",stackTrace:(h=Error().s
tack)!=null?h:"unknown"}});return 
d}}function B(a,b){C(a.productName,b);set
Interval(function(){C(a.productName,b)},a
.periodicReportingRateMillis)}\n' +
      'var D="constructor 
__defineGetter__ __defineSetter__ 
hasOwnProperty __lookupGetter__ 
__lookupSetter__ isPrototypeOf 
propertyIsEnumerable toString valueOf 
__proto__ toLocaleString 
x_ngfn_x".split(" "),E=D.concat,F=navigat
or.userAgent.match(/Firefox\\/([0-9]+)\\.
/),G=(!F||F.length<2?0:Number(F[1])<75)?[
"toSource"]:[],H;if(G instanceof 
Array)H=G;else{for(var I=l(G),J,K=[];!(J=
I.next()).done;)K.push(J.value);H=K}var 
L=E.call(D,H),M=[];\n' +
      'function C(a,b){for(var c=[],d=l(O
bject.getOwnPropertyNames(Object.prototyp
e)),e=d.next();!e.done;e=d.next())e=e.val
ue,L.includes(e)||M.includes(e)||c.push(e
);e=Object.prototype;d=[];for(var 
f=0;f<c.length;f++){var g=c[f];d[f]={name
:g,descriptor:Object.getOwnPropertyDescri
ptor(Object.prototype,g),type:typeof e[g]
}}if(d.length!==0){c=l(d);for(e=c.next();
!e.done;e=c.next())M.push(e.value.name);v
ar h;r(b,a,{type:"SEAL",origin:(h=window.
location.origin)!=null?h:"unknown",report
:{blockers:d}})}};var N=Math.random(),O=t
(),P=window.ppConfig;P&&(P.disableAllRepo
rting||P.deleteIsEnforced&&P.sealIsEnforc
ed||N<P.heartbeatRate&&r(O,P.productName,
{origin:window.location.origin,type:"HEAR
TBEAT"}));var y=t(),Q=window.ppConfig;if(
Q)if(Q.deleteIsEnforced)delete 
Object.prototype.__proto__;else 
if(!Q.disableAllReporting){var 
x=Q.productName;try{var w,A;Object.define
Property(Object.prototype,"__proto__",{en
umerable:!1,get:v(),set:z()})}catch(a){}}
\n' +
      '(function(){var a=t(),b=window.ppC
onfig;b&&(b.sealIsEnforced?Object.seal(Ob
ject.prototype):b.disableAllReporting||(d
ocument.readyState!=="loading"?B(b,a):doc
ument.addEventListener("DOMContentLoaded"
,function(){B(b,a)})))})();}).call(this);
\n' +
      '</script><meta 
charset=utf-8><title>400: Invalid 
selector</title><link href="//fonts.googl
eapis.com/css?family=Open+Sans:300,400" 
rel="stylesheet" 
type="text/css"/><style>\n' +
      '      * {\n' +
      '        margin: 0;\n' +
      '        padding: 0;\n' +
      '      }\n' +
      '      html,code {\n' +
      '        font: 15px/22px 
arial,sans-serif;\n' +
      '      }\n' +
      '      html {\n' +
      '        background: #fff;\n' +
      '        color: #222;\n' +
      '        padding: 15px;\n' +
      '      }\n' +
      '      body {\n' +
      '        background: 100% 5px 
no-repeat;\n' +
      '        margin-top: 0;\n' +
      '        max-width: none:\n' +
      '        min-height: 180px;\n' +
      '        padding: 30px 0 15px;\n' +
      '      }\n' +
      '      * > body {\n' +
      '        padding-right: 205px;\n' +
      '      }\n' +
      '      p {\n' +
      '        margin: 22px 0 0;\n' +
      '        overflow: hidden;\n' +
      '      }\n' +
      '      ins {\n' +
      '        text-decoration: none;\n' 
+
      '      }\n' +
      '      ins {\n' +
      '        color: #777;\n' +
      '      }\n' +
      '      /* Google Fonts logo 
styling*/\n' +
      '      .projectLogo a {\n' +
      '        font-family: "Open Sans", 
arial, sans-serif;\n' +
      '        font-size: 32px;\n' +
      '        font-weight: 300;\n' +
      '        color: #63666a;\n' +
      '        line-height: 1.375;\n' +
      '        text-decoration: none;\n' 
+
      '      }\n' +
      '      .projectLogo img {\n' +
      '        margin: -1px 0 -4px;\n' +
      '        vertical-align: 
middle;\n' +
      '      }\n' +
      '    </style></head><body><h1 
id="g" class="projectLogo"><a 
href="//www.google.com/fonts"><img src="/
/www.google.com/images/logos/google_logo_
41.png" alt="Google"/> Fonts</a></h1><p><
b>400:</b>&nbsp;<ins>Invalid 
selector</ins></p><p>Too many values in 
tuple</p><pre>Material Symbols 
Outlined:wght@100..700,0..1\n' +
      `                                  
      ^</pre><p><ins>For reference, see 
the <a href="https://developers.google.co
m/fonts/docs/getting_started">Google 
Fonts API documentation</a>.</ins></p></b
ody></html><!DOCTYPE html><html 
lang=en><head><script>window['ppConfig'] 
= {productName: 
'bcfae741e379a885f2ab2cf83ebe6d32', 
deleteIsEnforced:  false , 
sealIsEnforced:  false , heartbeatRate:  
0.5 , periodicReportingRateMillis:  
60000.0 , disableAllReporting:  false 
};(function(){'use strict';function 
k(a){var b=0;return function(){return b<a
.length?{done:!1,value:a[b++]}:{done:!0}}
}function l(a){var b=typeof Symbol!="unde
fined"&&Symbol.iterator&&a[Symbol.iterato
r];if(b)return b.call(a);if(typeof a.leng
th=="number")return{next:k(a)};throw 
Error(String(a)+" is not an iterable or 
ArrayLike");}var m=typeof Object.definePr
operties=="function"?Object.definePropert
y:function(a,b,c){if(a==Array.prototype||
a==Object.prototype)return 
a;a[b]=c.value;return a};\n` +
      'function n(a){a=["object"==typeof 
globalThis&&globalThis,a,"object"==typeof
 window&&window,"object"==typeof 
self&&self,"object"==typeof 
global&&global];for(var 
b=0;b<a.length;++b){var 
c=a[b];if(c&&c.Math==Math)return c}throw 
Error("Cannot find global object");}var 
p=n(this);function q(a,b){if(b)a:{var 
c=p;a=a.split(".");for(var 
d=0;d<a.length-1;d++){var e=a[d];if(!(e 
in c))break a;c=c[e]}a=a[a.length-1];d=c[
a];b=b(d);b!=d&&b!=null&&m(c,a,{configura
ble:!0,writable:!0,value:b})}}\n' +
      'q("Object.is",function(a){return 
a?a:function(b,c){return b===c?b!==0||1/b
===1/c:b!==b&&c!==c}});q("Array.prototype
.includes",function(a){return 
a?a:function(b,c){var d=this;d 
instanceof String&&(d=String(d));var e=d.
length;c=c||0;for(c<0&&(c=Math.max(c+e,0)
);c<e;c++){var f=d[c];if(f===b||Object.is
(f,b))return!0}return!1}});\n' +
      `q("String.prototype.includes",func
tion(a){return 
a?a:function(b,c){if(this==null)throw 
new TypeError("The 'this' value for 
String.prototype.includes must not be 
null or undefined");if(b instanceof 
RegExp)throw new TypeError("First 
argument to String.prototype.includes 
must not be a regular 
expression");return 
this.indexOf(b,c||0)!==-1}});function r(a
,b,c){a("https://csp.withgoogle.com/csp/p
roto/"+encodeURIComponent(b),JSON.stringi
fy(c))}function t(){var a;if((a=window.pp
Config)==null?0:a.disableAllReporting)ret
urn function(){};var 
b,c,d,e;return(e=(b=window)==null?void 
0:(c=b.navigator)==null?void 
0:(d=c.sendBeacon)==null?void 
0:d.bind(navigator))!=null?e:u}function 
u(a,b){var c=new XMLHttpRequest;c.open("P
OST",a);c.send(b)}\n` +
      'function v(){var 
a=(w=Object.prototype)==null?void 0:w.__l
ookupGetter__("__proto__"),b=x,c=y;return
 function(){var d=a.call(this),e,f,g,h;r(
c,b,{type:"ACCESS_GET",origin:(f=window.l
ocation.origin)!=null?f:"unknown",report:
{className:(g=d==null?void 
0:(e=d.constructor)==null?void 0:e.name)!
=null?g:"unknown",stackTrace:(h=Error().s
tack)!=null?h:"unknown"}});return d}}\n' 
+
      'function z(){var 
a=(A=Object.prototype)==null?void 0:A.__l
ookupSetter__("__proto__"),b=x,c=y;return
 function(d){d=a.call(this,d);var e,f,g,h
;r(c,b,{type:"ACCESS_SET",origin:(f=windo
w.location.origin)!=null?f:"unknown",repo
rt:{className:(g=d==null?void 
0:(e=d.constructor)==null?void 0:e.name)!
=null?g:"unknown",stackTrace:(h=Error().s
tack)!=null?h:"unknown"}});return 
d}}function B(a,b){C(a.productName,b);set
Interval(function(){C(a.productName,b)},a
.periodicReportingRateMillis)}\n' +
      'var D="constructor 
__defineGetter__ __defineSetter__ 
hasOwnProperty __lookupGetter__ 
__lookupSetter__ isPrototypeOf 
propertyIsEnumerable toString valueOf 
__proto__ toLocaleString 
x_ngfn_x".split(" "),E=D.concat,F=navigat
or.userAgent.match(/Firefox\\/([0-9]+)\\.
/),G=(!F||F.length<2?0:Number(F[1])<75)?[
"toSource"]:[],H;if(G instanceof 
Array)H=G;else{for(var I=l(G),J,K=[];!(J=
I.next()).done;)K.push(J.value);H=K}var 
L=E.call(D,H),M=[];\n' +
      'function C(a,b){for(var c='... 
2790 more characters
  }
}
 Γ£ô Compiled successfully
   Skipping validation of types
   Skipping linting
   Collecting page data ...
ΓÜá∩╕Å Razorpay keys missing. Payment 
operations will be mocked or fail.
ΓÜá∩╕Å  Redis credentials not found. 
Using In-Memory Mock Redis (Data will be 
lost on restart).
ΓÜá∩╕Å  Redis credentials not found. 
Using In-Memory Mock Redis (Data will be 
lost on restart).
ΓÜá∩╕Å Razorpay keys missing. Payment 
operations will be mocked or fail.
ΓÜá∩╕Å Razorpay keys missing. Payment 
operations will be mocked or fail.
   Generating static pages (0/36) ...
System Alerts Failed: ex [Error]: 
Dynamic server usage: Page couldn't be 
rendered statically because it used 
`headers`. See more info here: https://ne
xtjs.org/docs/messages/dynamic-server-err
or
    at eP 
(C:\Users\yasho\OneDrive\Desktop\Cafe 
South Central\Web App v1\node_modules\nex
t\dist\compiled\next-server\app-route.run
time.prod.js:6:29358)
    at Module.eE 
(C:\Users\yasho\OneDrive\Desktop\Cafe 
South Central\Web App v1\node_modules\nex
t\dist\compiled\next-server\app-route.run
time.prod.js:6:29694)
    at i 
(C:\Users\yasho\OneDrive\Desktop\Cafe 
South Central\Web App v1\node_modules\nex
t\dist\compiled\next-server\app-route.run
time.prod.js:6:34572)
    at Object.get 
(C:\Users\yasho\OneDrive\Desktop\Cafe 
South Central\Web App v1\node_modules\nex
t\dist\compiled\next-server\app-route.run
time.prod.js:6:34788)
    at d 
(C:\Users\yasho\OneDrive\Desktop\Cafe 
South Central\Web App v1\.next\server\app
\api\admin\system-alerts\route.js:1:542)
    at 
C:\Users\yasho\OneDrive\Desktop\Cafe 
South Central\Web App v1\node_modules\nex
t\dist\compiled\next-server\app-route.run
time.prod.js:6:42490
    at 
C:\Users\yasho\OneDrive\Desktop\Cafe 
South Central\Web App v1\node_modules\nex
t\dist\server\lib\trace\tracer.js:133:36
    at NoopContextManager.with 
(C:\Users\yasho\OneDrive\Desktop\Cafe 
South Central\Web App v1\node_modules\nex
t\dist\compiled\@opentelemetry\api\index.
js:1:7062)
    at ContextAPI.with 
(C:\Users\yasho\OneDrive\Desktop\Cafe 
South Central\Web App v1\node_modules\nex
t\dist\compiled\@opentelemetry\api\index.
js:1:518)
    at NoopTracer.startActiveSpan 
(C:\Users\yasho\OneDrive\Desktop\Cafe 
South Central\Web App v1\node_modules\nex
t\dist\compiled\@opentelemetry\api\index.
js:1:18093) {
  description: "Page couldn't be 
rendered statically because it used 
`headers`. See more info here: https://ne
xtjs.org/docs/messages/dynamic-server-err
or",
  digest: 'DYNAMIC_SERVER_USAGE'
}
ΓÜá∩╕Å Razorpay keys missing. Payment 
operations will be mocked or fail.

   Generating static pages (9/36) 

 Γ¿» useSearchParams() should be wrapped 
in a suspense boundary at page "/404". 
Read more: https://nextjs.org/docs/messag
es/missing-suspense-with-csr-bailout

Error occurred prerendering page 
"/_not-found". Read more: https://nextjs.
org/docs/messages/prerender-error


   Generating static pages (18/36) 
ΓÜá∩╕Å Razorpay keys missing. Payment 
operations will be mocked or fail.

 Γ¿» useSearchParams() should be wrapped 
in a suspense boundary at page "/login". 
Read more: https://nextjs.org/docs/messag
es/missing-suspense-with-csr-bailout

Error occurred prerendering page 
"/login". Read more: https://nextjs.org/d
ocs/messages/prerender-error


 Γ¿» useSearchParams() should be wrapped 
in a suspense boundary at page 
"/account". Read more: https://nextjs.org
/docs/messages/missing-suspense-with-csr-
bailout

Error occurred prerendering page 
"/account". Read more: https://nextjs.org
/docs/messages/prerender-error


 Γ¿» useSearchParams() should be wrapped 
in a suspense boundary at page "/menu". 
Read more: https://nextjs.org/docs/messag
es/missing-suspense-with-csr-bailout

Error occurred prerendering page 
"/menu". Read more: https://nextjs.org/do
cs/messages/prerender-error


 Γ¿» useSearchParams() should be wrapped 
in a suspense boundary at page 
"/manage-subscription". Read more: https:
//nextjs.org/docs/messages/missing-suspen
se-with-csr-bailout

Error occurred prerendering page 
"/manage-subscription". Read more: https:
//nextjs.org/docs/messages/prerender-erro
r


   Generating static pages (27/36) 

 Γ¿» useSearchParams() should be wrapped 
in a suspense boundary at page 
"/checkout". Read more: https://nextjs.or
g/docs/messages/missing-suspense-with-csr
-bailout

Error occurred prerendering page 
"/checkout". Read more: https://nextjs.or
g/docs/messages/prerender-error


 Γ¿» useSearchParams() should be wrapped 
in a suspense boundary at page 
"/admin/dashboard". Read more: https://ne
xtjs.org/docs/messages/missing-suspense-w
ith-csr-bailout

Error occurred prerendering page 
"/admin/dashboard". Read more: https://ne
xtjs.org/docs/messages/prerender-error


 Γ¿» useSearchParams() should be wrapped 
in a suspense boundary at page 
"/orders". Read more: https://nextjs.org/
docs/messages/missing-suspense-with-csr-b
ailout

Error occurred prerendering page 
"/orders". Read more: https://nextjs.org/
docs/messages/prerender-error


 Γ¿» useSearchParams() should be wrapped 
in a suspense boundary at page 
"/admin-scan". Read more: https://nextjs.
org/docs/messages/missing-suspense-with-c
sr-bailout

Error occurred prerendering page 
"/admin-scan". Read more: https://nextjs.
org/docs/messages/prerender-error


 Γ¿» useSearchParams() should be wrapped 
in a suspense boundary at page "/". Read 
more: https://nextjs.org/docs/messages/mi
ssing-suspense-with-csr-bailout

Error occurred prerendering page "/". 
Read more: https://nextjs.org/docs/messag
es/prerender-error

ΓÜá∩╕Å  Redis credentials not found. 
Using In-Memory Mock Redis (Data will be 
lost on restart).

 Γ¿» useSearchParams() should be wrapped 
in a suspense boundary at page 
"/subscription/payment". Read more: https
://nextjs.org/docs/messages/missing-suspe
nse-with-csr-bailout

Error occurred prerendering page 
"/subscription/payment". Read more: https
://nextjs.org/docs/messages/prerender-err
or


 Γ¿» useSearchParams() should be wrapped 
in a suspense boundary at page 
"/subscription". Read more: https://nextj
s.org/docs/messages/missing-suspense-with
-csr-bailout

Error occurred prerendering page 
"/subscription". Read more: https://nextj
s.org/docs/messages/prerender-error


 Γ£ô Generating static pages (36/36) 

> Export encountered errors on following 
paths:
	/_not-found
	/account/page: /account
	/admin-scan/page: /admin-scan
	/admin/dashboard/page: /admin/dashboard
	/checkout/page: /checkout
	/login/page: /login
	/manage-subscription/page: 
/manage-subscription
	/menu/page: /menu
	/orders/page: /orders
	/page: /
	/subscription/page: /subscription
	/subscription/payment/page: 
/subscription/payment
