src/app/api/admin/orders/[id]/route.ts(52,21): error TS18047: 'updatedOrder.user' is possibly 'null'.
src/app/api/admin/orders/[id]/route.ts(53,21): error TS18047: 'updatedOrder.user' is possibly 'null'.
src/app/api/admin/reports/route.ts(104,27): error TS18047: 'o.user' is possibly 'null'.
src/app/api/cron/feedback-reminder/route.ts(70,30): error TS2345: Argument of type '{ orderId: any; status: string; }' is not assignable to parameter of type 'never'.
src/app/api/cron/feedback-reminder/route.ts(73,30): error TS2345: Argument of type '{ orderId: any; status: string; error: any; }' is not assignable to parameter of type 'never'.
src/app/api/cron/low-stock/route.ts(68,30): error TS2345: Argument of type '{ adminId: string; status: string; }' is not assignable to parameter of type 'never'.
src/app/api/cron/low-stock/route.ts(71,30): error TS2345: Argument of type '{ adminId: string; status: string; error: any; }' is not assignable to parameter of type 'never'.
src/app/api/cron/subscription-expiry/route.ts(69,30): error TS2345: Argument of type '{ userId: string; status: string; daysLeft: number; }' is not assignable to parameter of type 'never'.
src/app/api/cron/subscription-expiry/route.ts(72,30): error TS2345: Argument of type '{ userId: string; status: string; error: any; }' is not assignable to parameter of type 'never'.
src/components/cart/CartDrawerWrapper.tsx(22,13): error TS2322: Type '{ isOpen: boolean; onClose: () => void; items: CartItem[]; subTotalCount: number; onCheckout: () => void; }' is not assignable to type 'IntrinsicAttributes & CartDrawerProps'.
  Property 'subTotalCount' does not exist on type 'IntrinsicAttributes & CartDrawerProps'.
